<html>
<body>
<pre>
<h1>µVision Build Log</h1>
<h2>Project:</h2>
C:\Users\Ankith\Documents\445L\lab11\Blynk.uvproj
Project File Date:  10/31/2018

<h2>Output:</h2>
Rebuild target 'Blynk'
assembling startup.s...
compiling PLL.c...
compiling UART.c...
compiling Blynk.c...
compiling ST7735.c...
compiling esp8266.c...
compiling PortF.c...
compiling DAC.c...
compiling SysTick.c...
compiling main.c...
compiling Timers.c...
linking...
Program Size: Code=7044 RO-data=2280 RW-data=268 ZI-data=2060  
".\Blynk.axf" - 0 Error(s), 0 Warning(s).
): warning:  #1-D: last line of file ends without a newline
  #endif // __TIMER3INTS_H__
main.c: 1 warning, 0 errors
compiling Timers.c...
linking...
Program Size: Code=7044 RO-data=2280 RW-data=268 ZI-data=2060  
".\Blynk.axf" - 0 Error(s), 2 Warning(s).
