ARM Linker, 5.03 [Build 76] [MDK-ARM Professional]

==============================================================================

Section Cross References

    startup.o(RESET) refers to startup.o(STACK) for StackMem
    startup.o(RESET) refers to uart.o(i.UART0_Handler) for UART0_Handler
    startup.o(RESET) refers to timers.o(i.Timer0A_Handler) for Timer0A_Handler
    startup.o(RESET) refers to timers.o(i.Timer1A_Handler) for Timer1A_Handler
    startup.o(RESET) refers to timers.o(i.Timer2A_Handler) for Timer2A_Handler
    startup.o(RESET) refers to limit_sensor.o(i.GPIOPortF_Handler) for GPIOPortF_Handler
    startup.o(RESET) refers to timers.o(i.Timer3A_Handler) for Timer3A_Handler
    startup.o(RESET) refers to esp8266.o(i.UART5_Handler) for UART5_Handler
    startup.o(RESET) refers to entry.o(.ARM.Collect$$$$00000000) for __main
    uart.o(i.RxFifo_Get) refers to uart.o(.data) for RxPutI
    uart.o(i.RxFifo_Get) refers to uart.o(.bss) for RxFifo
    uart.o(i.RxFifo_Init) refers to startup.o(.text) for StartCritical
    uart.o(i.RxFifo_Init) refers to uart.o(.data) for RxGetI
    uart.o(i.RxFifo_Put) refers to uart.o(.data) for RxPutI
    uart.o(i.RxFifo_Put) refers to uart.o(.bss) for RxFifo
    uart.o(i.RxFifo_Size) refers to uart.o(.data) for RxPutI
    uart.o(i.TxFifo_Get) refers to uart.o(.data) for TxPutI
    uart.o(i.TxFifo_Get) refers to uart.o(.bss) for TxFifo
    uart.o(i.TxFifo_Init) refers to startup.o(.text) for StartCritical
    uart.o(i.TxFifo_Init) refers to uart.o(.data) for TxGetI
    uart.o(i.TxFifo_Put) refers to uart.o(.data) for TxPutI
    uart.o(i.TxFifo_Put) refers to uart.o(.bss) for TxFifo
    uart.o(i.TxFifo_Size) refers to uart.o(.data) for TxPutI
    uart.o(i.UART0_Handler) refers to uart.o(i.copySoftwareToHardware) for copySoftwareToHardware
    uart.o(i.UART0_Handler) refers to uart.o(i.TxFifo_Size) for TxFifo_Size
    uart.o(i.UART0_Handler) refers to uart.o(i.copyHardwareToSoftware) for copyHardwareToSoftware
    uart.o(i.UART_InChar) refers to uart.o(i.RxFifo_Get) for RxFifo_Get
    uart.o(i.UART_InCharNonBlock) refers to uart.o(i.RxFifo_Get) for RxFifo_Get
    uart.o(i.UART_InString) refers to uart.o(i.UART_InChar) for UART_InChar
    uart.o(i.UART_InString) refers to uart.o(i.UART_OutChar) for UART_OutChar
    uart.o(i.UART_InUDec) refers to uart.o(i.UART_InChar) for UART_InChar
    uart.o(i.UART_InUDec) refers to uart.o(i.UART_OutChar) for UART_OutChar
    uart.o(i.UART_InUHex) refers to uart.o(i.UART_InChar) for UART_InChar
    uart.o(i.UART_InUHex) refers to uart.o(i.UART_OutChar) for UART_OutChar
    uart.o(i.UART_Init) refers to uart.o(i.RxFifo_Init) for RxFifo_Init
    uart.o(i.UART_Init) refers to uart.o(i.TxFifo_Init) for TxFifo_Init
    uart.o(i.UART_Init) refers to startup.o(.text) for EnableInterrupts
    uart.o(i.UART_OutChar) refers to uart.o(i.TxFifo_Put) for TxFifo_Put
    uart.o(i.UART_OutChar) refers to uart.o(i.copySoftwareToHardware) for copySoftwareToHardware
    uart.o(i.UART_OutString) refers to uart.o(i.UART_OutChar) for UART_OutChar
    uart.o(i.UART_OutUDec) refers to uart.o(i.UART_OutChar) for UART_OutChar
    uart.o(i.UART_OutUHex) refers to uart.o(i.UART_OutChar) for UART_OutChar
    uart.o(i.copyHardwareToSoftware) refers to uart.o(i.RxFifo_Put) for RxFifo_Put
    uart.o(i.copyHardwareToSoftware) refers to uart.o(i.RxFifo_Size) for RxFifo_Size
    uart.o(i.copySoftwareToHardware) refers to uart.o(i.TxFifo_Get) for TxFifo_Get
    uart.o(i.copySoftwareToHardware) refers to uart.o(i.TxFifo_Size) for TxFifo_Size
    blynk.o(i.Blynk_to_TM4C) refers to esp8266.o(i.ESP8266_GetMessage) for ESP8266_GetMessage
    blynk.o(i.Blynk_to_TM4C) refers to uart.o(i.UART_OutChar) for UART_OutChar
    blynk.o(i.Blynk_to_TM4C) refers to strtok.o(.text) for strtok
    blynk.o(i.Blynk_to_TM4C) refers to strcpy.o(.text) for strcpy
    blynk.o(i.Blynk_to_TM4C) refers to atoi.o(.text) for atoi
    blynk.o(i.Blynk_to_TM4C) refers to blynk.o(i.PortF_Output) for PortF_Output
    blynk.o(i.Blynk_to_TM4C) refers to st7735.o(i.Output_Color) for Output_Color
    blynk.o(i.Blynk_to_TM4C) refers to st7735.o(i.ST7735_OutString) for ST7735_OutString
    blynk.o(i.Blynk_to_TM4C) refers to st7735.o(i.ST7735_OutUDec) for ST7735_OutUDec
    blynk.o(i.Blynk_to_TM4C) refers to st7735.o(i.ST7735_OutChar) for ST7735_OutChar
    blynk.o(i.Blynk_to_TM4C) refers to uart.o(i.UART_OutString) for UART_OutString
    blynk.o(i.Blynk_to_TM4C) refers to blynk.o(.bss) for serial_buf
    blynk.o(i.Blynk_to_TM4C) refers to blynk.o(.data) for Pin_Number
    blynk.o(i.SendInformation) refers to blynk.o(i.PortF_Input) for PortF_Input
    blynk.o(i.SendInformation) refers to blynk.o(i.TM4C_to_Blynk) for TM4C_to_Blynk
    blynk.o(i.SendInformation) refers to st7735.o(i.Output_Color) for Output_Color
    blynk.o(i.SendInformation) refers to st7735.o(i.ST7735_OutString) for ST7735_OutString
    blynk.o(i.SendInformation) refers to st7735.o(i.ST7735_OutUDec) for ST7735_OutUDec
    blynk.o(i.SendInformation) refers to st7735.o(i.ST7735_OutChar) for ST7735_OutChar
    blynk.o(i.SendInformation) refers to blynk.o(.data) for LastF
    blynk.o(i.TM4C_to_Blynk) refers to esp8266.o(i.ESP8266_OutUDec) for ESP8266_OutUDec
    blynk.o(i.TM4C_to_Blynk) refers to esp8266.o(i.ESP8266_OutChar) for ESP8266_OutChar
    blynk.o(i.TM4C_to_Blynk) refers to esp8266.o(i.ESP8266_OutString) for ESP8266_OutString
    blynk.o(i.main1) refers to pll.o(i.PLL_Init) for PLL_Init
    blynk.o(i.main1) refers to startup.o(.text) for DisableInterrupts
    blynk.o(i.main1) refers to blynk.o(i.PortF_Init) for PortF_Init
    blynk.o(i.main1) refers to blynk.o(i.PortF_Input) for PortF_Input
    blynk.o(i.main1) refers to st7735.o(i.Output_Init) for Output_Init
    blynk.o(i.main1) refers to st7735.o(i.ST7735_OutString) for ST7735_OutString
    blynk.o(i.main1) refers to uart.o(i.UART_Init) for UART_Init
    blynk.o(i.main1) refers to uart.o(i.UART_OutString) for UART_OutString
    blynk.o(i.main1) refers to esp8266.o(i.ESP8266_Init) for ESP8266_Init
    blynk.o(i.main1) refers to esp8266.o(i.ESP8266_Reset) for ESP8266_Reset
    blynk.o(i.main1) refers to esp8266.o(i.ESP8266_SetupWiFi) for ESP8266_SetupWiFi
    blynk.o(i.main1) refers to timers.o(i.Timer2A_Init) for Timer2A_Init
    blynk.o(i.main1) refers to timers.o(i.Timer3A_Init) for Timer3A_Init
    blynk.o(i.main1) refers to blynk.o(.data) for LastF
    blynk.o(i.main1) refers to blynk.o(i.Blynk_to_TM4C) for Blynk_to_TM4C
    blynk.o(i.main1) refers to blynk.o(i.SendInformation) for SendInformation
    st7735.o(i.Output_Clear) refers to st7735.o(i.ST7735_FillScreen) for ST7735_FillScreen
    st7735.o(i.Output_Color) refers to st7735.o(i.ST7735_SetTextColor) for ST7735_SetTextColor
    st7735.o(i.Output_Init) refers to st7735.o(i.ST7735_InitR) for ST7735_InitR
    st7735.o(i.Output_Init) refers to st7735.o(i.ST7735_FillScreen) for ST7735_FillScreen
    st7735.o(i.Output_Off) refers to st7735.o(i.Output_Clear) for Output_Clear
    st7735.o(i.Output_On) refers to st7735.o(i.Output_Init) for Output_Init
    st7735.o(i.ST7735_DrawBitmap) refers to st7735.o(i.setAddrWindow) for setAddrWindow
    st7735.o(i.ST7735_DrawBitmap) refers to st7735.o(i.writedata) for writedata
    st7735.o(i.ST7735_DrawBitmap) refers to st7735.o(i.deselect) for deselect
    st7735.o(i.ST7735_DrawBitmap) refers to st7735.o(.data) for _width
    st7735.o(i.ST7735_DrawChar) refers to st7735.o(i.setAddrWindow) for setAddrWindow
    st7735.o(i.ST7735_DrawChar) refers to st7735.o(i.pushColor) for pushColor
    st7735.o(i.ST7735_DrawChar) refers to st7735.o(i.deselect) for deselect
    st7735.o(i.ST7735_DrawChar) refers to st7735.o(.data) for _width
    st7735.o(i.ST7735_DrawChar) refers to st7735.o(.constdata) for Font
    st7735.o(i.ST7735_DrawCharS) refers to st7735.o(i.ST7735_DrawPixel) for ST7735_DrawPixel
    st7735.o(i.ST7735_DrawCharS) refers to st7735.o(i.ST7735_FillRect) for ST7735_FillRect
    st7735.o(i.ST7735_DrawCharS) refers to st7735.o(.data) for _width
    st7735.o(i.ST7735_DrawCharS) refers to st7735.o(.constdata) for Font
    st7735.o(i.ST7735_DrawCircle) refers to st7735.o(i.setAddrWindow) for setAddrWindow
    st7735.o(i.ST7735_DrawCircle) refers to st7735.o(i.writedata) for writedata
    st7735.o(i.ST7735_DrawCircle) refers to st7735.o(i.deselect) for deselect
    st7735.o(i.ST7735_DrawCircle) refers to st7735.o(.data) for _width
    st7735.o(i.ST7735_DrawCircle) refers to st7735.o(.constdata) for circle
    st7735.o(i.ST7735_DrawFastHLine) refers to st7735.o(i.setAddrWindow) for setAddrWindow
    st7735.o(i.ST7735_DrawFastHLine) refers to st7735.o(i.writedata) for writedata
    st7735.o(i.ST7735_DrawFastHLine) refers to st7735.o(i.deselect) for deselect
    st7735.o(i.ST7735_DrawFastHLine) refers to st7735.o(.data) for _width
    st7735.o(i.ST7735_DrawFastVLine) refers to st7735.o(i.setAddrWindow) for setAddrWindow
    st7735.o(i.ST7735_DrawFastVLine) refers to st7735.o(i.writedata) for writedata
    st7735.o(i.ST7735_DrawFastVLine) refers to st7735.o(i.deselect) for deselect
    st7735.o(i.ST7735_DrawFastVLine) refers to st7735.o(.data) for _width
    st7735.o(i.ST7735_DrawPixel) refers to st7735.o(i.setAddrWindow) for setAddrWindow
    st7735.o(i.ST7735_DrawPixel) refers to st7735.o(i.pushColor) for pushColor
    st7735.o(i.ST7735_DrawPixel) refers to st7735.o(i.deselect) for deselect
    st7735.o(i.ST7735_DrawPixel) refers to st7735.o(.data) for _width
    st7735.o(i.ST7735_DrawSmallCircle) refers to st7735.o(i.setAddrWindow) for setAddrWindow
    st7735.o(i.ST7735_DrawSmallCircle) refers to st7735.o(i.writedata) for writedata
    st7735.o(i.ST7735_DrawSmallCircle) refers to st7735.o(i.deselect) for deselect
    st7735.o(i.ST7735_DrawSmallCircle) refers to st7735.o(.data) for _width
    st7735.o(i.ST7735_DrawSmallCircle) refers to st7735.o(.constdata) for smallCircle
    st7735.o(i.ST7735_DrawString) refers to st7735.o(i.ST7735_DrawCharS) for ST7735_DrawCharS
    st7735.o(i.ST7735_FillRect) refers to st7735.o(i.setAddrWindow) for setAddrWindow
    st7735.o(i.ST7735_FillRect) refers to st7735.o(i.writedata) for writedata
    st7735.o(i.ST7735_FillRect) refers to st7735.o(i.deselect) for deselect
    st7735.o(i.ST7735_FillRect) refers to st7735.o(.data) for _width
    st7735.o(i.ST7735_FillScreen) refers to st7735.o(i.ST7735_FillRect) for ST7735_FillRect
    st7735.o(i.ST7735_FillScreen) refers to st7735.o(.data) for _height
    st7735.o(i.ST7735_InitB) refers to st7735.o(i.commonInit) for commonInit
    st7735.o(i.ST7735_InitB) refers to st7735.o(i.ST7735_SetCursor) for ST7735_SetCursor
    st7735.o(i.ST7735_InitB) refers to st7735.o(i.ST7735_FillScreen) for ST7735_FillScreen
    st7735.o(i.ST7735_InitB) refers to st7735.o(.constdata) for Bcmd
    st7735.o(i.ST7735_InitB) refers to st7735.o(.data) for StTextColor
    st7735.o(i.ST7735_InitR) refers to st7735.o(i.commonInit) for commonInit
    st7735.o(i.ST7735_InitR) refers to st7735.o(i.commandList) for commandList
    st7735.o(i.ST7735_InitR) refers to st7735.o(i.writecommand) for writecommand
    st7735.o(i.ST7735_InitR) refers to st7735.o(i.writedata) for writedata
    st7735.o(i.ST7735_InitR) refers to st7735.o(i.ST7735_SetCursor) for ST7735_SetCursor
    st7735.o(i.ST7735_InitR) refers to st7735.o(i.ST7735_FillScreen) for ST7735_FillScreen
    st7735.o(i.ST7735_InitR) refers to st7735.o(.constdata) for Rcmd1
    st7735.o(i.ST7735_InitR) refers to st7735.o(.data) for ColStart
    st7735.o(i.ST7735_InvertDisplay) refers to st7735.o(i.writecommand) for writecommand
    st7735.o(i.ST7735_InvertDisplay) refers to st7735.o(i.deselect) for deselect
    st7735.o(i.ST7735_OutChar) refers to st7735.o(i.ST7735_DrawString) for ST7735_DrawString
    st7735.o(i.ST7735_OutChar) refers to st7735.o(i.ST7735_DrawCharS) for ST7735_DrawCharS
    st7735.o(i.ST7735_OutChar) refers to st7735.o(.data) for StY
    st7735.o(i.ST7735_OutString) refers to st7735.o(i.ST7735_OutChar) for ST7735_OutChar
    st7735.o(i.ST7735_OutUDec) refers to st7735.o(i.fillmessage) for fillmessage
    st7735.o(i.ST7735_OutUDec) refers to st7735.o(i.ST7735_DrawString) for ST7735_DrawString
    st7735.o(i.ST7735_OutUDec) refers to st7735.o(i.ST7735_DrawCharS) for ST7735_DrawCharS
    st7735.o(i.ST7735_OutUDec) refers to st7735.o(.data) for Messageindex
    st7735.o(i.ST7735_OutUDec) refers to st7735.o(.bss) for Message
    st7735.o(i.ST7735_PlotBar) refers to st7735.o(i.ST7735_DrawFastVLine) for ST7735_DrawFastVLine
    st7735.o(i.ST7735_PlotBar) refers to st7735.o(.data) for Ymin
    st7735.o(i.ST7735_PlotClear) refers to st7735.o(i.ST7735_Color565) for ST7735_Color565
    st7735.o(i.ST7735_PlotClear) refers to st7735.o(i.ST7735_FillRect) for ST7735_FillRect
    st7735.o(i.ST7735_PlotClear) refers to st7735.o(.data) for Ymax
    st7735.o(i.ST7735_PlotLine) refers to st7735.o(i.ST7735_DrawPixel) for ST7735_DrawPixel
    st7735.o(i.ST7735_PlotLine) refers to st7735.o(.data) for Ymin
    st7735.o(i.ST7735_PlotNext) refers to st7735.o(.data) for X
    st7735.o(i.ST7735_PlotNextErase) refers to st7735.o(i.ST7735_Color565) for ST7735_Color565
    st7735.o(i.ST7735_PlotNextErase) refers to st7735.o(i.ST7735_DrawFastVLine) for ST7735_DrawFastVLine
    st7735.o(i.ST7735_PlotNextErase) refers to st7735.o(.data) for X
    st7735.o(i.ST7735_PlotPoint) refers to st7735.o(i.ST7735_DrawPixel) for ST7735_DrawPixel
    st7735.o(i.ST7735_PlotPoint) refers to st7735.o(.data) for Ymin
    st7735.o(i.ST7735_PlotPoints) refers to st7735.o(i.ST7735_DrawPixel) for ST7735_DrawPixel
    st7735.o(i.ST7735_PlotPoints) refers to st7735.o(.data) for Ymin
    st7735.o(i.ST7735_PlotdBfs) refers to st7735.o(i.ST7735_DrawFastVLine) for ST7735_DrawFastVLine
    st7735.o(i.ST7735_PlotdBfs) refers to st7735.o(.constdata) for dBfs
    st7735.o(i.ST7735_PlotdBfs) refers to st7735.o(.data) for X
    st7735.o(i.ST7735_SetCursor) refers to st7735.o(.data) for StX
    st7735.o(i.ST7735_SetRotation) refers to st7735.o(i.writecommand) for writecommand
    st7735.o(i.ST7735_SetRotation) refers to st7735.o(i.writedata) for writedata
    st7735.o(i.ST7735_SetRotation) refers to st7735.o(i.deselect) for deselect
    st7735.o(i.ST7735_SetRotation) refers to st7735.o(.data) for Rotation
    st7735.o(i.ST7735_SetTextColor) refers to st7735.o(.data) for StTextColor
    st7735.o(i.commandList) refers to st7735.o(i.writecommand) for writecommand
    st7735.o(i.commandList) refers to st7735.o(i.writedata) for writedata
    st7735.o(i.commandList) refers to st7735.o(i.Delay1ms) for Delay1ms
    st7735.o(i.commonInit) refers to st7735.o(i.Delay1ms) for Delay1ms
    st7735.o(i.commonInit) refers to st7735.o(i.commandList) for commandList
    st7735.o(i.commonInit) refers to st7735.o(.data) for RowStart
    st7735.o(i.fillmessage) refers to st7735.o(.bss) for Message
    st7735.o(i.fillmessage) refers to st7735.o(.data) for Messageindex
    st7735.o(i.fputc) refers to st7735.o(i.ST7735_OutChar) for ST7735_OutChar
    st7735.o(i.pushColor) refers to st7735.o(i.writedata) for writedata
    st7735.o(i.setAddrWindow) refers to st7735.o(i.writecommand) for writecommand
    st7735.o(i.setAddrWindow) refers to st7735.o(i.writedata) for writedata
    st7735.o(i.setAddrWindow) refers to st7735.o(.data) for ColStart
    esp8266.o(i.ESP8266_AvailableInput) refers to esp8266.o(i.Rx5Fifo_Size) for Rx5Fifo_Size
    esp8266.o(i.ESP8266_GetMessage) refers to esp8266.o(.data) for Rx5PutI
    esp8266.o(i.ESP8266_GetMessage) refers to esp8266.o(.bss) for Rx5Fifo
    esp8266.o(i.ESP8266_Init) refers to esp8266.o(i.UART5_Init) for UART5_Init
    esp8266.o(i.ESP8266_Init) refers to startup.o(.text) for EnableInterrupts
    esp8266.o(i.ESP8266_OutChar) refers to esp8266.o(i.Tx5Fifo_Put) for Tx5Fifo_Put
    esp8266.o(i.ESP8266_OutChar) refers to esp8266.o(i.copySoftwareToHardware5) for copySoftwareToHardware5
    esp8266.o(i.ESP8266_OutString) refers to esp8266.o(i.ESP8266_OutChar) for ESP8266_OutChar
    esp8266.o(i.ESP8266_OutUDec) refers to esp8266.o(i.ESP8266_OutChar) for ESP8266_OutChar
    esp8266.o(i.ESP8266_Reset) refers to uart.o(i.UART_OutString) for UART_OutString
    esp8266.o(i.ESP8266_Reset) refers to esp8266.o(i.DelayMs) for DelayMs
    esp8266.o(i.ESP8266_SetupWiFi) refers to uart.o(i.UART_OutString) for UART_OutString
    esp8266.o(i.ESP8266_SetupWiFi) refers to st7735.o(i.Output_Color) for Output_Color
    esp8266.o(i.ESP8266_SetupWiFi) refers to st7735.o(i.ST7735_OutString) for ST7735_OutString
    esp8266.o(i.ESP8266_SetupWiFi) refers to esp8266.o(i.DelayMs) for DelayMs
    esp8266.o(i.ESP8266_SetupWiFi) refers to esp8266.o(i.ESP8266_OutString) for ESP8266_OutString
    esp8266.o(i.ESP8266_SetupWiFi) refers to esp8266.o(i.ESP8266_OutChar) for ESP8266_OutChar
    esp8266.o(i.ESP8266_SetupWiFi) refers to uart.o(i.UART_OutChar) for UART_OutChar
    esp8266.o(i.ESP8266_SetupWiFi) refers to st7735.o(i.ST7735_OutChar) for ST7735_OutChar
    esp8266.o(i.ESP8266_SetupWiFi) refers to esp8266.o(i.ESP8266_GetMessage) for ESP8266_GetMessage
    esp8266.o(i.ESP8266_SetupWiFi) refers to esp8266.o(i.Rx5Fifo_Init) for Rx5Fifo_Init
    esp8266.o(i.ESP8266_SetupWiFi) refers to esp8266.o(.data) for auth
    esp8266.o(i.ESP8266_SetupWiFi) refers to esp8266.o(.bss) for RxMessage
    esp8266.o(i.Rx5Fifo_Init) refers to startup.o(.text) for StartCritical
    esp8266.o(i.Rx5Fifo_Init) refers to esp8266.o(.data) for Rx5PutJ
    esp8266.o(i.Rx5Fifo_Put) refers to esp8266.o(.data) for Rx5PutI
    esp8266.o(i.Rx5Fifo_Put) refers to esp8266.o(.bss) for Rx5Fifo
    esp8266.o(i.Rx5Fifo_Size) refers to esp8266.o(.data) for Rx5PutI
    esp8266.o(i.Tx5Fifo_Get) refers to esp8266.o(.data) for Tx5PutI
    esp8266.o(i.Tx5Fifo_Get) refers to esp8266.o(.bss) for Tx5Fifo
    esp8266.o(i.Tx5Fifo_Init) refers to startup.o(.text) for StartCritical
    esp8266.o(i.Tx5Fifo_Init) refers to esp8266.o(.data) for Tx5GetI
    esp8266.o(i.Tx5Fifo_Put) refers to esp8266.o(.data) for Tx5PutI
    esp8266.o(i.Tx5Fifo_Put) refers to esp8266.o(.bss) for Tx5Fifo
    esp8266.o(i.Tx5Fifo_Size) refers to esp8266.o(.data) for Tx5PutI
    esp8266.o(i.UART5_Handler) refers to esp8266.o(i.copySoftwareToHardware5) for copySoftwareToHardware5
    esp8266.o(i.UART5_Handler) refers to esp8266.o(i.Tx5Fifo_Size) for Tx5Fifo_Size
    esp8266.o(i.UART5_Handler) refers to esp8266.o(i.copyHardwareToSoftware5) for copyHardwareToSoftware5
    esp8266.o(i.UART5_Init) refers to esp8266.o(i.Rx5Fifo_Init) for Rx5Fifo_Init
    esp8266.o(i.UART5_Init) refers to esp8266.o(i.Tx5Fifo_Init) for Tx5Fifo_Init
    esp8266.o(i.copyHardwareToSoftware5) refers to esp8266.o(i.Rx5Fifo_Put) for Rx5Fifo_Put
    esp8266.o(i.copyHardwareToSoftware5) refers to esp8266.o(i.Rx5Fifo_Size) for Rx5Fifo_Size
    esp8266.o(i.copySoftwareToHardware5) refers to esp8266.o(i.Tx5Fifo_Get) for Tx5Fifo_Get
    esp8266.o(i.copySoftwareToHardware5) refers to esp8266.o(i.Tx5Fifo_Size) for Tx5Fifo_Size
    systick.o(i.SysTick_Wait10ms) refers to systick.o(i.SysTick_Wait) for SysTick_Wait
    main.o(i.main) refers to pll.o(i.PLL_Init) for PLL_Init
    main.o(i.main) refers to startup.o(.text) for DisableInterrupts
    main.o(i.main) refers to matrix.o(i.Matrix_Init) for Matrix_Init
    main.o(i.main) refers to matrix.o(i.Matrix_InChar) for Matrix_InChar
    main.o(i.main) refers to main.o(.bss) for Buffer
    timers.o(i.Timer0A_Handler) refers to timers.o(.data) for PeriodicTask0
    timers.o(i.Timer0A_Init) refers to startup.o(.text) for DisableInterrupts
    timers.o(i.Timer0A_Init) refers to timers.o(.data) for PeriodicTask0
    timers.o(i.Timer1A_Handler) refers to timers.o(.data) for PeriodicTask1
    timers.o(i.Timer1A_Init) refers to startup.o(.text) for DisableInterrupts
    timers.o(i.Timer1A_Init) refers to timers.o(.data) for PeriodicTask1
    timers.o(i.Timer2A_Handler) refers to timers.o(.data) for PeriodicTask2
    timers.o(i.Timer2A_Init) refers to startup.o(.text) for DisableInterrupts
    timers.o(i.Timer2A_Init) refers to timers.o(.data) for PeriodicTask2
    timers.o(i.Timer3A_Handler) refers to timers.o(.data) for PeriodicTask3
    timers.o(i.Timer3A_Init) refers to startup.o(.text) for DisableInterrupts
    timers.o(i.Timer3A_Init) refers to timers.o(.data) for PeriodicTask3
    stepper.o(i.Stepper_CCW) refers to systick.o(i.SysTick_Wait) for SysTick_Wait
    stepper.o(i.Stepper_CCW) refers to stepper.o(.data) for Pt
    stepper.o(i.Stepper_CW) refers to systick.o(i.SysTick_Wait) for SysTick_Wait
    stepper.o(i.Stepper_CW) refers to stepper.o(.data) for Pt
    stepper.o(i.Stepper_Init) refers to systick.o(i.SysTick_Init) for SysTick_Init
    stepper.o(i.Stepper_Init) refers to stepper.o(.data) for Pos
    stepper.o(i.Stepper_Init) refers to stepper.o(.constdata) for fsm
    stepper.o(i.Stepper_Seek) refers to stepper.o(i.Stepper_CCW) for Stepper_CCW
    stepper.o(i.Stepper_Seek) refers to stepper.o(i.Stepper_CW) for Stepper_CW
    stepper.o(i.Stepper_Seek) refers to stepper.o(.data) for Pos
    limit_sensor.o(i.GPIOPortF_Handler) refers to systick.o(i.SysTick_Wait10ms) for SysTick_Wait10ms
    limit_sensor.o(i.GPIOPortF_Handler) refers to limit_sensor.o(i.GPIOLimitArm) for GPIOLimitArm
    limit_sensor.o(i.GPIOPortF_Handler) refers to limit_sensor.o(.data) for Door_Close
    limit_sensor.o(i.Limit_Sensor_Initialization) refers to limit_sensor.o(i.GPIOLimitArm) for GPIOLimitArm
    limit_sensor.o(i.Limit_Sensor_Initialization) refers to limit_sensor.o(.data) for Door_Close
    matrix.o(i.MatrixFifo_Get) refers to matrix.o(.data) for MatrixPutI
    matrix.o(i.MatrixFifo_Get) refers to matrix.o(.bss) for MatrixFifo
    matrix.o(i.MatrixFifo_Init) refers to startup.o(.text) for StartCritical
    matrix.o(i.MatrixFifo_Init) refers to matrix.o(.data) for MatrixGetI
    matrix.o(i.MatrixFifo_Put) refers to matrix.o(.data) for MatrixPutI
    matrix.o(i.MatrixFifo_Put) refers to matrix.o(.bss) for MatrixFifo
    matrix.o(i.MatrixFifo_Size) refers to matrix.o(.data) for MatrixPutI
    matrix.o(i.MatrixKeypad_Init) refers to matrix.o(.data) for HeartBeat
    matrix.o(i.MatrixKeypad_Scan) refers to matrix.o(.constdata) for ScanTab
    matrix.o(i.Matrix_Handler) refers to matrix.o(i.MatrixKeypad_Scan) for MatrixKeypad_Scan
    matrix.o(i.Matrix_Handler) refers to matrix.o(i.MatrixFifo_Put) for MatrixFifo_Put
    matrix.o(i.Matrix_Handler) refers to matrix.o(.data) for LastKey
    matrix.o(i.Matrix_InChar) refers to matrix.o(i.MatrixFifo_Get) for MatrixFifo_Get
    matrix.o(i.Matrix_Init) refers to matrix.o(i.MatrixFifo_Init) for MatrixFifo_Init
    matrix.o(i.Matrix_Init) refers to matrix.o(i.MatrixKeypad_Init) for MatrixKeypad_Init
    matrix.o(i.Matrix_Init) refers to timers.o(i.Timer3A_Init) for Timer3A_Init
    matrix.o(i.Matrix_Init) refers to matrix.o(.data) for LastKey
    matrix.o(i.Matrix_Init) refers to matrix.o(i.Matrix_Handler) for Matrix_Handler
    entry.o(.ARM.Collect$$$$00000000) refers (Special) to entry10a.o(.ARM.Collect$$$$0000000D) for __rt_final_cpp
    entry.o(.ARM.Collect$$$$00000000) refers (Special) to entry11a.o(.ARM.Collect$$$$0000000F) for __rt_final_exit
    entry.o(.ARM.Collect$$$$00000000) refers (Special) to entry7b.o(.ARM.Collect$$$$00000008) for _main_clock
    entry.o(.ARM.Collect$$$$00000000) refers (Special) to entry8b.o(.ARM.Collect$$$$0000000A) for _main_cpp_init
    entry.o(.ARM.Collect$$$$00000000) refers (Special) to entry9a.o(.ARM.Collect$$$$0000000B) for _main_init
    entry.o(.ARM.Collect$$$$00000000) refers (Special) to entry5.o(.ARM.Collect$$$$00000004) for _main_scatterload
    entry.o(.ARM.Collect$$$$00000000) refers (Special) to entry2.o(.ARM.Collect$$$$00000001) for _main_stk
    strtok.o(.text) refers to strtok.o(.data) for .data
    strtok_r.o(.text) refers to strtok_r.o(.data) for .data
    atoi.o(.text) refers to errno.o(i.__aeabi_errno_addr) for __aeabi_errno_addr
    atoi.o(.text) refers to strtol.o(.text) for strtol
    entry2.o(.ARM.Collect$$$$00000001) refers to entry2.o(.ARM.Collect$$$$00002712) for __lit__00000000
    entry2.o(.ARM.Collect$$$$00002712) refers to startup.o(STACK) for __initial_sp
    entry2.o(__vectab_stack_and_reset_area) refers to startup.o(STACK) for __initial_sp
    entry2.o(__vectab_stack_and_reset_area) refers to entry.o(.ARM.Collect$$$$00000000) for __main
    entry5.o(.ARM.Collect$$$$00000004) refers to init.o(.text) for __scatterload
    entry9a.o(.ARM.Collect$$$$0000000B) refers to main.o(i.main) for main
    entry9b.o(.ARM.Collect$$$$0000000C) refers to main.o(i.main) for main
    errno.o(i.__aeabi_errno_addr) refers to errno.o(.data) for .data
    errno.o(i.__read_errno) refers to errno.o(.data) for .data
    errno.o(i.__set_errno) refers to errno.o(.data) for .data
    strtol.o(.text) refers to ctype_o.o(.text) for __rt_ctype_table
    strtol.o(.text) refers to _strtoul.o(.text) for _strtoul
    strtol.o(.text) refers to errno.o(i.__aeabi_errno_addr) for __aeabi_errno_addr
    init.o(.text) refers to entry5.o(.ARM.Collect$$$$00000004) for __main_after_scatterload
    ctype_o.o(.text) refers to ctype_o.o(.constdata) for .constdata
    ctype_o.o(.constdata) refers to ctype_o.o(.constdata) for __ctype_table
    isalnum_o.o(.text) refers to ctype_o.o(.text) for __rt_ctype_table
    isalpha_o.o(.text) refers to ctype_o.o(.text) for __rt_ctype_table
    isblank_o.o(.text) refers to ctype_o.o(.constdata) for __ctype_table
    iscntrl_o.o(.text) refers to ctype_o.o(.text) for __rt_ctype_table
    isdigit_o.o(.text) refers to ctype_o.o(.text) for __rt_ctype_table
    isgraph_o.o(.text) refers to ctype_o.o(.text) for __rt_ctype_table
    islower_o.o(.text) refers to ctype_o.o(.text) for __rt_ctype_table
    isprint_o.o(.text) refers to ctype_o.o(.text) for __rt_ctype_table
    ispunct_o.o(.text) refers to ctype_o.o(.text) for __rt_ctype_table
    isspace_o.o(.text) refers to ctype_o.o(.text) for __rt_ctype_table
    isupper_o.o(.text) refers to ctype_o.o(.text) for __rt_ctype_table
    isxdigit_o.o(.text) refers to ctype_o.o(.text) for __rt_ctype_table
    _strtoul.o(.text) refers to _chval.o(.text) for _chval
    _strtoul.o(.text) refers to errno.o(i.__aeabi_errno_addr) for __aeabi_errno_addr


==============================================================================

Removing Unused input sections from the image.

    Removing startup.o(HEAP), (0 bytes).
    Removing uart.o(i.RxFifo_Get), (60 bytes).
    Removing uart.o(i.RxFifo_Init), (36 bytes).
    Removing uart.o(i.TxFifo_Init), (36 bytes).
    Removing uart.o(i.TxFifo_Put), (60 bytes).
    Removing uart.o(i.UART_InChar), (20 bytes).
    Removing uart.o(i.UART_InCharNonBlock), (20 bytes).
    Removing uart.o(i.UART_InString), (70 bytes).
    Removing uart.o(i.UART_InUDec), (76 bytes).
    Removing uart.o(i.UART_InUHex), (108 bytes).
    Removing uart.o(i.UART_Init), (204 bytes).
    Removing uart.o(i.UART_OutChar), (52 bytes).
    Removing uart.o(i.UART_OutString), (24 bytes).
    Removing uart.o(i.UART_OutUDec), (42 bytes).
    Removing uart.o(i.UART_OutUHex), (52 bytes).
    Removing blynk.o(i.Blynk_to_TM4C), (312 bytes).
    Removing blynk.o(i.PortF_Init), (92 bytes).
    Removing blynk.o(i.PortF_Input), (16 bytes).
    Removing blynk.o(i.PortF_Output), (12 bytes).
    Removing blynk.o(i.SendInformation), (76 bytes).
    Removing blynk.o(i.TM4C_to_Blynk), (60 bytes).
    Removing blynk.o(i.main1), (172 bytes).
    Removing blynk.o(.bss), (64 bytes).
    Removing blynk.o(.data), (36 bytes).
    Removing st7735.o(i.Delay1ms), (32 bytes).
    Removing st7735.o(i.Output_Clear), (10 bytes).
    Removing st7735.o(i.Output_Color), (12 bytes).
    Removing st7735.o(i.Output_Init), (16 bytes).
    Removing st7735.o(i.Output_Off), (8 bytes).
    Removing st7735.o(i.Output_On), (8 bytes).
    Removing st7735.o(i.ST7735_Color565), (24 bytes).
    Removing st7735.o(i.ST7735_DrawBitmap), (292 bytes).
    Removing st7735.o(i.ST7735_DrawChar), (272 bytes).
    Removing st7735.o(i.ST7735_DrawCharS), (244 bytes).
    Removing st7735.o(i.ST7735_DrawCircle), (172 bytes).
    Removing st7735.o(i.ST7735_DrawFastHLine), (128 bytes).
    Removing st7735.o(i.ST7735_DrawFastVLine), (128 bytes).
    Removing st7735.o(i.ST7735_DrawPixel), (76 bytes).
    Removing st7735.o(i.ST7735_DrawSmallCircle), (172 bytes).
    Removing st7735.o(i.ST7735_DrawString), (86 bytes).
    Removing st7735.o(i.ST7735_FillRect), (176 bytes).
    Removing st7735.o(i.ST7735_FillScreen), (36 bytes).
    Removing st7735.o(i.ST7735_InitB), (40 bytes).
    Removing st7735.o(i.ST7735_InitR), (124 bytes).
    Removing st7735.o(i.ST7735_InvertDisplay), (26 bytes).
    Removing st7735.o(i.ST7735_OutChar), (216 bytes).
    Removing st7735.o(i.ST7735_OutString), (24 bytes).
    Removing st7735.o(i.ST7735_OutUDec), (140 bytes).
    Removing st7735.o(i.ST7735_PlotBar), (88 bytes).
    Removing st7735.o(i.ST7735_PlotClear), (92 bytes).
    Removing st7735.o(i.ST7735_PlotLine), (264 bytes).
    Removing st7735.o(i.ST7735_PlotNext), (32 bytes).
    Removing st7735.o(i.ST7735_PlotNextErase), (64 bytes).
    Removing st7735.o(i.ST7735_PlotPoint), (152 bytes).
    Removing st7735.o(i.ST7735_PlotPoints), (172 bytes).
    Removing st7735.o(i.ST7735_PlotdBfs), (60 bytes).
    Removing st7735.o(i.ST7735_SetCursor), (32 bytes).
    Removing st7735.o(i.ST7735_SetRotation), (216 bytes).
    Removing st7735.o(i.ST7735_SetTextColor), (12 bytes).
    Removing st7735.o(i.ST7735_SwapColor), (18 bytes).
    Removing st7735.o(i.commandList), (86 bytes).
    Removing st7735.o(i.commonInit), (388 bytes).
    Removing st7735.o(i.deselect), (28 bytes).
    Removing st7735.o(i.ferror), (8 bytes).
    Removing st7735.o(i.fgetc), (6 bytes).
    Removing st7735.o(i.fillmessage), (72 bytes).
    Removing st7735.o(i.fputc), (16 bytes).
    Removing st7735.o(i.pushColor), (18 bytes).
    Removing st7735.o(i.setAddrWindow), (116 bytes).
    Removing st7735.o(i.writecommand), (56 bytes).
    Removing st7735.o(i.writedata), (32 bytes).
    Removing st7735.o(.bss), (12 bytes).
    Removing st7735.o(.constdata), (2114 bytes).
    Removing st7735.o(.data), (44 bytes).
    Removing esp8266.o(i.DelayMs), (32 bytes).
    Removing esp8266.o(i.ESP8266_AvailableInput), (8 bytes).
    Removing esp8266.o(i.ESP8266_GetMessage), (80 bytes).
    Removing esp8266.o(i.ESP8266_Init), (136 bytes).
    Removing esp8266.o(i.ESP8266_OutChar), (52 bytes).
    Removing esp8266.o(i.ESP8266_OutString), (24 bytes).
    Removing esp8266.o(i.ESP8266_OutUDec), (42 bytes).
    Removing esp8266.o(i.ESP8266_Reset), (248 bytes).
    Removing esp8266.o(i.ESP8266_SetupWiFi), (536 bytes).
    Removing esp8266.o(i.Rx5Fifo_Init), (44 bytes).
    Removing esp8266.o(i.Tx5Fifo_Init), (36 bytes).
    Removing esp8266.o(i.Tx5Fifo_Put), (60 bytes).
    Removing esp8266.o(i.UART5_Init), (216 bytes).
    Removing dac.o(i.DAC_Init), (164 bytes).
    Removing dac.o(i.DAC_Out), (12 bytes).
    Removing dac.o(i.DAC_Out2), (44 bytes).
    Removing systick.o(i.SysTick_Init), (24 bytes).
    Removing main.o(.data), (12 bytes).
    Removing timers.o(i.Timer0A_Ack), (12 bytes).
    Removing timers.o(i.Timer0A_Arm), (16 bytes).
    Removing timers.o(i.Timer0A_DisableClock), (20 bytes).
    Removing timers.o(i.Timer0A_Disarm), (16 bytes).
    Removing timers.o(i.Timer0A_EnableClock), (20 bytes).
    Removing timers.o(i.Timer0A_Init), (136 bytes).
    Removing timers.o(i.Timer0A_Reload), (12 bytes).
    Removing timers.o(i.Timer1A_Ack), (12 bytes).
    Removing timers.o(i.Timer1A_Arm), (16 bytes).
    Removing timers.o(i.Timer1A_DisableClock), (20 bytes).
    Removing timers.o(i.Timer1A_Disarm), (16 bytes).
    Removing timers.o(i.Timer1A_EnableClock), (20 bytes).
    Removing timers.o(i.Timer1A_Init), (152 bytes).
    Removing timers.o(i.Timer1A_Reload), (12 bytes).
    Removing timers.o(i.Timer2A_Ack), (12 bytes).
    Removing timers.o(i.Timer2A_Arm), (16 bytes).
    Removing timers.o(i.Timer2A_DisableClock), (20 bytes).
    Removing timers.o(i.Timer2A_Disarm), (16 bytes).
    Removing timers.o(i.Timer2A_EnableClock), (20 bytes).
    Removing timers.o(i.Timer2A_Init), (128 bytes).
    Removing timers.o(i.Timer2A_Reload), (12 bytes).
    Removing timers.o(i.Timer3A_Ack), (12 bytes).
    Removing timers.o(i.Timer3A_Arm), (12 bytes).
    Removing timers.o(i.Timer3A_DisableClock), (20 bytes).
    Removing timers.o(i.Timer3A_Disarm), (12 bytes).
    Removing timers.o(i.Timer3A_EnableClock), (20 bytes).
    Removing timers.o(i.Timer3A_Reload), (12 bytes).
    Removing stepper.o(i.Stepper_CCW), (68 bytes).
    Removing stepper.o(i.Stepper_CW), (72 bytes).
    Removing stepper.o(i.Stepper_Init), (112 bytes).
    Removing stepper.o(i.Stepper_Seek), (68 bytes).
    Removing stepper.o(.constdata), (48 bytes).
    Removing stepper.o(.data), (8 bytes).
    Removing limit_sensor.o(i.Limit_Sensor_Initialization), (176 bytes).
    Removing limit_sensor.o(i.get_Door_Status), (36 bytes).
    Removing matrix.o(i.MatrixFifo_Size), (24 bytes).

128 unused section(s) (total 11534 bytes) removed from the image.

==============================================================================

Image Symbol Table

    Local Symbols

    Symbol Name                              Value     Ov Type        Size  Object(Section)

    RESET                                    0x00000000   Section      644  startup.o(RESET)
    ../clib/microlib/ctype/ctype.c           0x00000000   Number         0  isalpha_o.o ABSOLUTE
    ../clib/microlib/ctype/ctype.c           0x00000000   Number         0  isgraph_o.o ABSOLUTE
    ../clib/microlib/ctype/ctype.c           0x00000000   Number         0  isdigit_o.o ABSOLUTE
    ../clib/microlib/ctype/ctype.c           0x00000000   Number         0  isspace_o.o ABSOLUTE
    ../clib/microlib/ctype/ctype.c           0x00000000   Number         0  ispunct_o.o ABSOLUTE
    ../clib/microlib/ctype/ctype.c           0x00000000   Number         0  iscntrl_o.o ABSOLUTE
    ../clib/microlib/ctype/ctype.c           0x00000000   Number         0  islower_o.o ABSOLUTE
    ../clib/microlib/ctype/ctype.c           0x00000000   Number         0  isprint_o.o ABSOLUTE
    ../clib/microlib/ctype/ctype.c           0x00000000   Number         0  isalnum_o.o ABSOLUTE
    ../clib/microlib/ctype/ctype.c           0x00000000   Number         0  ctype_o.o ABSOLUTE
    ../clib/microlib/ctype/ctype.c           0x00000000   Number         0  isblank_o.o ABSOLUTE
    ../clib/microlib/ctype/ctype.c           0x00000000   Number         0  isxdigit_o.o ABSOLUTE
    ../clib/microlib/ctype/ctype.c           0x00000000   Number         0  isupper_o.o ABSOLUTE
    ../clib/microlib/errno.c                 0x00000000   Number         0  errno.o ABSOLUTE
    ../clib/microlib/init/entry.s            0x00000000   Number         0  entry9b.o ABSOLUTE
    ../clib/microlib/init/entry.s            0x00000000   Number         0  entry9a.o ABSOLUTE
    ../clib/microlib/init/entry.s            0x00000000   Number         0  entry8b.o ABSOLUTE
    ../clib/microlib/init/entry.s            0x00000000   Number         0  entry11b.o ABSOLUTE
    ../clib/microlib/init/entry.s            0x00000000   Number         0  entry8a.o ABSOLUTE
    ../clib/microlib/init/entry.s            0x00000000   Number         0  entry7b.o ABSOLUTE
    ../clib/microlib/init/entry.s            0x00000000   Number         0  entry7a.o ABSOLUTE
    ../clib/microlib/init/entry.s            0x00000000   Number         0  entry2.o ABSOLUTE
    ../clib/microlib/init/entry.s            0x00000000   Number         0  entry5.o ABSOLUTE
    ../clib/microlib/init/entry.s            0x00000000   Number         0  entry.o ABSOLUTE
    ../clib/microlib/init/entry.s            0x00000000   Number         0  entry11a.o ABSOLUTE
    ../clib/microlib/init/entry.s            0x00000000   Number         0  entry10b.o ABSOLUTE
    ../clib/microlib/init/entry.s            0x00000000   Number         0  entry10a.o ABSOLUTE
    ../clib/microlib/string/strcpy.c         0x00000000   Number         0  strcpy.o ABSOLUTE
    ../clib/microlib/string/strtok.c         0x00000000   Number         0  strtok_r.o ABSOLUTE
    ../clib/microlib/string/strtok.c         0x00000000   Number         0  strtok.o ABSOLUTE
    ../clib/scanf.c                          0x00000000   Number         0  strtol.o ABSOLUTE
    ../clib/scanf.c                          0x00000000   Number         0  atoi.o ABSOLUTE
    ../clib/scanf.c                          0x00000000   Number         0  _strtoul.o ABSOLUTE
    ../clib/scanf.c                          0x00000000   Number         0  _chval.o ABSOLUTE
    Blynk.c                                  0x00000000   Number         0  blynk.o ABSOLUTE
    DAC.c                                    0x00000000   Number         0  dac.o ABSOLUTE
    Limit_Sensor.c                           0x00000000   Number         0  limit_sensor.o ABSOLUTE
    PLL.c                                    0x00000000   Number         0  pll.o ABSOLUTE
    ST7735.c                                 0x00000000   Number         0  st7735.o ABSOLUTE
    SysTick.c                                0x00000000   Number         0  systick.o ABSOLUTE
    Timers.c                                 0x00000000   Number         0  timers.o ABSOLUTE
    UART.c                                   0x00000000   Number         0  uart.o ABSOLUTE
    dc.s                                     0x00000000   Number         0  dc.o ABSOLUTE
    esp8266.c                                0x00000000   Number         0  esp8266.o ABSOLUTE
    handlers.s                               0x00000000   Number         0  handlers.o ABSOLUTE
    init.s                                   0x00000000   Number         0  init.o ABSOLUTE
    main.c                                   0x00000000   Number         0  main.o ABSOLUTE
    matrix.c                                 0x00000000   Number         0  matrix.o ABSOLUTE
    startup.s                                0x00000000   Number         0  startup.o ABSOLUTE
    stepper.c                                0x00000000   Number         0  stepper.o ABSOLUTE
    .ARM.Collect$$$$00000000                 0x00000284   Section        0  entry.o(.ARM.Collect$$$$00000000)
    .ARM.Collect$$$$00000001                 0x00000284   Section        4  entry2.o(.ARM.Collect$$$$00000001)
    .ARM.Collect$$$$00000004                 0x00000288   Section        4  entry5.o(.ARM.Collect$$$$00000004)
    .ARM.Collect$$$$00000008                 0x0000028c   Section        0  entry7b.o(.ARM.Collect$$$$00000008)
    .ARM.Collect$$$$0000000A                 0x0000028c   Section        0  entry8b.o(.ARM.Collect$$$$0000000A)
    .ARM.Collect$$$$0000000B                 0x0000028c   Section        8  entry9a.o(.ARM.Collect$$$$0000000B)
    .ARM.Collect$$$$0000000D                 0x00000294   Section        0  entry10a.o(.ARM.Collect$$$$0000000D)
    .ARM.Collect$$$$0000000F                 0x00000294   Section        0  entry11a.o(.ARM.Collect$$$$0000000F)
    .ARM.Collect$$$$00002712                 0x00000294   Section        4  entry2.o(.ARM.Collect$$$$00002712)
    __lit__00000000                          0x00000294   Data           4  entry2.o(.ARM.Collect$$$$00002712)
    .text                                    0x00000298   Section       28  startup.o(.text)
    .text                                    0x000002b4   Section       36  init.o(.text)
    i.GPIOLimitArm                           0x000002d8   Section        0  limit_sensor.o(i.GPIOLimitArm)
    i.GPIOPortF_Handler                      0x00000318   Section        0  limit_sensor.o(i.GPIOPortF_Handler)
    i.MatrixFifo_Get                         0x00000364   Section        0  matrix.o(i.MatrixFifo_Get)
    i.MatrixFifo_Init                        0x000003a0   Section        0  matrix.o(i.MatrixFifo_Init)
    i.MatrixFifo_Put                         0x000003c4   Section        0  matrix.o(i.MatrixFifo_Put)
    i.MatrixKeypad_Init                      0x00000400   Section        0  matrix.o(i.MatrixKeypad_Init)
    i.MatrixKeypad_Scan                      0x00000468   Section        0  matrix.o(i.MatrixKeypad_Scan)
    i.Matrix_Handler                         0x000004d8   Section        0  matrix.o(i.Matrix_Handler)
    i.Matrix_InChar                          0x00000518   Section        0  matrix.o(i.Matrix_InChar)
    i.Matrix_Init                            0x0000052c   Section        0  matrix.o(i.Matrix_Init)
    i.PLL_Init                               0x00000554   Section        0  pll.o(i.PLL_Init)
    i.Rx5Fifo_Put                            0x000005d0   Section        0  esp8266.o(i.Rx5Fifo_Put)
    i.Rx5Fifo_Size                           0x000006a0   Section        0  esp8266.o(i.Rx5Fifo_Size)
    i.RxFifo_Put                             0x000006b4   Section        0  uart.o(i.RxFifo_Put)
    i.RxFifo_Size                            0x000006f0   Section        0  uart.o(i.RxFifo_Size)
    i.SysTick_Wait                           0x00000704   Section        0  systick.o(i.SysTick_Wait)
    i.SysTick_Wait10ms                       0x00000724   Section        0  systick.o(i.SysTick_Wait10ms)
    i.Timer0A_Handler                        0x00000740   Section        0  timers.o(i.Timer0A_Handler)
    i.Timer1A_Handler                        0x00000758   Section        0  timers.o(i.Timer1A_Handler)
    i.Timer2A_Handler                        0x00000770   Section        0  timers.o(i.Timer2A_Handler)
    i.Timer3A_Handler                        0x00000788   Section        0  timers.o(i.Timer3A_Handler)
    i.Timer3A_Init                           0x000007a0   Section        0  timers.o(i.Timer3A_Init)
    i.Tx5Fifo_Get                            0x00000820   Section        0  esp8266.o(i.Tx5Fifo_Get)
    i.Tx5Fifo_Size                           0x00000858   Section        0  esp8266.o(i.Tx5Fifo_Size)
    i.TxFifo_Get                             0x0000086c   Section        0  uart.o(i.TxFifo_Get)
    i.TxFifo_Size                            0x000008a8   Section        0  uart.o(i.TxFifo_Size)
    i.UART0_Handler                          0x000008bc   Section        0  uart.o(i.UART0_Handler)
    i.UART5_Handler                          0x00000914   Section        0  esp8266.o(i.UART5_Handler)
    i.__scatterload_copy                     0x0000096c   Section       14  handlers.o(i.__scatterload_copy)
    i.__scatterload_null                     0x0000097a   Section        2  handlers.o(i.__scatterload_null)
    i.__scatterload_zeroinit                 0x0000097c   Section       14  handlers.o(i.__scatterload_zeroinit)
    i.copyHardwareToSoftware                 0x0000098c   Section        0  uart.o(i.copyHardwareToSoftware)
    copyHardwareToSoftware                   0x0000098d   Thumb Code    36  uart.o(i.copyHardwareToSoftware)
    i.copyHardwareToSoftware5                0x000009b4   Section        0  esp8266.o(i.copyHardwareToSoftware5)
    copyHardwareToSoftware5                  0x000009b5   Thumb Code    36  esp8266.o(i.copyHardwareToSoftware5)
    i.copySoftwareToHardware                 0x000009dc   Section        0  uart.o(i.copySoftwareToHardware)
    copySoftwareToHardware                   0x000009dd   Thumb Code    38  uart.o(i.copySoftwareToHardware)
    i.copySoftwareToHardware5                0x00000a08   Section        0  esp8266.o(i.copySoftwareToHardware5)
    copySoftwareToHardware5                  0x00000a09   Thumb Code    38  esp8266.o(i.copySoftwareToHardware5)
    i.main                                   0x00000a34   Section        0  main.o(i.main)
    .constdata                               0x00000a60   Section       40  matrix.o(.constdata)
    .data                                    0x20000000   Section       16  uart.o(.data)
    .data                                    0x20000010   Section      148  esp8266.o(.data)
    .data                                    0x200000a4   Section       16  timers.o(.data)
    .data                                    0x200000b4   Section        8  limit_sensor.o(.data)
    .data                                    0x200000bc   Section       17  matrix.o(.data)
    LastKey                                  0x200000cc   Data           1  matrix.o(.data)
    .bss                                     0x200000d0   Section      128  uart.o(.bss)
    RxFifo                                   0x200000d0   Data          64  uart.o(.bss)
    TxFifo                                   0x20000110   Data          64  uart.o(.bss)
    .bss                                     0x20000150   Section      832  esp8266.o(.bss)
    Tx5Fifo                                  0x20000390   Data         256  esp8266.o(.bss)
    .bss                                     0x20000490   Section       16  main.o(.bss)
    .bss                                     0x200004a0   Section       16  matrix.o(.bss)
    MatrixFifo                               0x200004a0   Data          16  matrix.o(.bss)
    STACK                                    0x200004b0   Section     1024  startup.o(STACK)
    StackMem                                 0x200004b0   Data           0  startup.o(STACK)

    Global Symbols

    Symbol Name                              Value     Ov Type        Size  Object(Section)

    BuildAttributes$$THM_ISAv4$E$P$D$K$B$S$7EM$PE$A:L22UL41UL21$X:L11$S22US41US21$IEEE1$IW$USESV6$~STKCKD$USESV7$~SHL$OSPACE$EBA8$MICROLIB$REQ8$PRES8$EABIv2 0x00000000   Number         0  anon$$obj.o ABSOLUTE
    __ARM_use_no_argv                        0x00000000   Number         0  main.o ABSOLUTE
    __Vectors                                0x00000000   Data           0  startup.o(RESET)
    __cpp_initialize__aeabi_                  - Undefined Weak Reference
    __cxa_finalize                            - Undefined Weak Reference
    __decompress                              - Undefined Weak Reference
    _clock_init                               - Undefined Weak Reference
    _microlib_exit                            - Undefined Weak Reference
    Reset_Handler                            0x0000026d   Thumb Code     0  startup.o(RESET)
    NMI_Handler                              0x00000271   Thumb Code     2  startup.o(RESET)
    HardFault_Handler                        0x00000273   Thumb Code     2  startup.o(RESET)
    MemManage_Handler                        0x00000275   Thumb Code     2  startup.o(RESET)
    BusFault_Handler                         0x00000277   Thumb Code     2  startup.o(RESET)
    UsageFault_Handler                       0x00000279   Thumb Code     2  startup.o(RESET)
    SVC_Handler                              0x0000027b   Thumb Code     2  startup.o(RESET)
    DebugMon_Handler                         0x0000027d   Thumb Code     2  startup.o(RESET)
    PendSV_Handler                           0x0000027f   Thumb Code     2  startup.o(RESET)
    SysTick_Handler                          0x00000281   Thumb Code     2  startup.o(RESET)
    ADC0Seq0_Handler                         0x00000283   Thumb Code     0  startup.o(RESET)
    ADC0Seq1_Handler                         0x00000283   Thumb Code     0  startup.o(RESET)
    ADC0Seq2_Handler                         0x00000283   Thumb Code     0  startup.o(RESET)
    ADC0Seq3_Handler                         0x00000283   Thumb Code     0  startup.o(RESET)
    ADC1Seq0_Handler                         0x00000283   Thumb Code     0  startup.o(RESET)
    ADC1Seq1_Handler                         0x00000283   Thumb Code     0  startup.o(RESET)
    ADC1Seq2_Handler                         0x00000283   Thumb Code     0  startup.o(RESET)
    ADC1Seq3_Handler                         0x00000283   Thumb Code     0  startup.o(RESET)
    CAN0_Handler                             0x00000283   Thumb Code     0  startup.o(RESET)
    CAN1_Handler                             0x00000283   Thumb Code     0  startup.o(RESET)
    CAN2_Handler                             0x00000283   Thumb Code     0  startup.o(RESET)
    Comp0_Handler                            0x00000283   Thumb Code     0  startup.o(RESET)
    Comp1_Handler                            0x00000283   Thumb Code     0  startup.o(RESET)
    Comp2_Handler                            0x00000283   Thumb Code     0  startup.o(RESET)
    Ethernet_Handler                         0x00000283   Thumb Code     0  startup.o(RESET)
    ExtBus_Handler                           0x00000283   Thumb Code     0  startup.o(RESET)
    FPU_Handler                              0x00000283   Thumb Code     0  startup.o(RESET)
    Fan0_Handler                             0x00000283   Thumb Code     0  startup.o(RESET)
    FlashCtl_Handler                         0x00000283   Thumb Code     0  startup.o(RESET)
    GPIOPortA_Handler                        0x00000283   Thumb Code     0  startup.o(RESET)
    GPIOPortB_Handler                        0x00000283   Thumb Code     0  startup.o(RESET)
    GPIOPortC_Handler                        0x00000283   Thumb Code     0  startup.o(RESET)
    GPIOPortD_Handler                        0x00000283   Thumb Code     0  startup.o(RESET)
    GPIOPortE_Handler                        0x00000283   Thumb Code     0  startup.o(RESET)
    GPIOPortG_Handler                        0x00000283   Thumb Code     0  startup.o(RESET)
    GPIOPortH_Handler                        0x00000283   Thumb Code     0  startup.o(RESET)
    GPIOPortJ_Handler                        0x00000283   Thumb Code     0  startup.o(RESET)
    GPIOPortK_Handler                        0x00000283   Thumb Code     0  startup.o(RESET)
    GPIOPortL_Handler                        0x00000283   Thumb Code     0  startup.o(RESET)
    GPIOPortM_Handler                        0x00000283   Thumb Code     0  startup.o(RESET)
    GPIOPortN_Handler                        0x00000283   Thumb Code     0  startup.o(RESET)
    GPIOPortP1_Handler                       0x00000283   Thumb Code     0  startup.o(RESET)
    GPIOPortP2_Handler                       0x00000283   Thumb Code     0  startup.o(RESET)
    GPIOPortP3_Handler                       0x00000283   Thumb Code     0  startup.o(RESET)
    GPIOPortP4_Handler                       0x00000283   Thumb Code     0  startup.o(RESET)
    GPIOPortP5_Handler                       0x00000283   Thumb Code     0  startup.o(RESET)
    GPIOPortP6_Handler                       0x00000283   Thumb Code     0  startup.o(RESET)
    GPIOPortP7_Handler                       0x00000283   Thumb Code     0  startup.o(RESET)
    GPIOPortP_Handler                        0x00000283   Thumb Code     0  startup.o(RESET)
    GPIOPortQ1_Handler                       0x00000283   Thumb Code     0  startup.o(RESET)
    GPIOPortQ2_Handler                       0x00000283   Thumb Code     0  startup.o(RESET)
    GPIOPortQ3_Handler                       0x00000283   Thumb Code     0  startup.o(RESET)
    GPIOPortQ4_Handler                       0x00000283   Thumb Code     0  startup.o(RESET)
    GPIOPortQ5_Handler                       0x00000283   Thumb Code     0  startup.o(RESET)
    GPIOPortQ6_Handler                       0x00000283   Thumb Code     0  startup.o(RESET)
    GPIOPortQ7_Handler                       0x00000283   Thumb Code     0  startup.o(RESET)
    GPIOPortQ_Handler                        0x00000283   Thumb Code     0  startup.o(RESET)
    GPIOPortR_Handler                        0x00000283   Thumb Code     0  startup.o(RESET)
    GPIOPortS_Handler                        0x00000283   Thumb Code     0  startup.o(RESET)
    Hibernate_Handler                        0x00000283   Thumb Code     0  startup.o(RESET)
    I2C0_Handler                             0x00000283   Thumb Code     0  startup.o(RESET)
    I2C1_Handler                             0x00000283   Thumb Code     0  startup.o(RESET)
    I2C2_Handler                             0x00000283   Thumb Code     0  startup.o(RESET)
    I2C3_Handler                             0x00000283   Thumb Code     0  startup.o(RESET)
    I2C4_Handler                             0x00000283   Thumb Code     0  startup.o(RESET)
    I2C5_Handler                             0x00000283   Thumb Code     0  startup.o(RESET)
    I2S0_Handler                             0x00000283   Thumb Code     0  startup.o(RESET)
    LPC0_Handler                             0x00000283   Thumb Code     0  startup.o(RESET)
    PECI0_Handler                            0x00000283   Thumb Code     0  startup.o(RESET)
    PWM0Fault_Handler                        0x00000283   Thumb Code     0  startup.o(RESET)
    PWM0Generator0_Handler                   0x00000283   Thumb Code     0  startup.o(RESET)
    PWM0Generator1_Handler                   0x00000283   Thumb Code     0  startup.o(RESET)
    PWM0Generator2_Handler                   0x00000283   Thumb Code     0  startup.o(RESET)
    PWM0Generator3_Handler                   0x00000283   Thumb Code     0  startup.o(RESET)
    PWM1Fault_Handler                        0x00000283   Thumb Code     0  startup.o(RESET)
    PWM1Generator0_Handler                   0x00000283   Thumb Code     0  startup.o(RESET)
    PWM1Generator1_Handler                   0x00000283   Thumb Code     0  startup.o(RESET)
    PWM1Generator2_Handler                   0x00000283   Thumb Code     0  startup.o(RESET)
    PWM1Generator3_Handler                   0x00000283   Thumb Code     0  startup.o(RESET)
    Quadrature0_Handler                      0x00000283   Thumb Code     0  startup.o(RESET)
    Quadrature1_Handler                      0x00000283   Thumb Code     0  startup.o(RESET)
    Quadrature2_Handler                      0x00000283   Thumb Code     0  startup.o(RESET)
    SSI0_Handler                             0x00000283   Thumb Code     0  startup.o(RESET)
    SSI1_Handler                             0x00000283   Thumb Code     0  startup.o(RESET)
    SSI2_Handler                             0x00000283   Thumb Code     0  startup.o(RESET)
    SSI3_Handler                             0x00000283   Thumb Code     0  startup.o(RESET)
    SysCtl_Handler                           0x00000283   Thumb Code     0  startup.o(RESET)
    Timer0B_Handler                          0x00000283   Thumb Code     0  startup.o(RESET)
    Timer1B_Handler                          0x00000283   Thumb Code     0  startup.o(RESET)
    Timer2B_Handler                          0x00000283   Thumb Code     0  startup.o(RESET)
    Timer3B_Handler                          0x00000283   Thumb Code     0  startup.o(RESET)
    Timer4A_Handler                          0x00000283   Thumb Code     0  startup.o(RESET)
    Timer4B_Handler                          0x00000283   Thumb Code     0  startup.o(RESET)
    Timer5A_Handler                          0x00000283   Thumb Code     0  startup.o(RESET)
    Timer5B_Handler                          0x00000283   Thumb Code     0  startup.o(RESET)
    UART1_Handler                            0x00000283   Thumb Code     0  startup.o(RESET)
    UART2_Handler                            0x00000283   Thumb Code     0  startup.o(RESET)
    UART3_Handler                            0x00000283   Thumb Code     0  startup.o(RESET)
    UART4_Handler                            0x00000283   Thumb Code     0  startup.o(RESET)
    UART6_Handler                            0x00000283   Thumb Code     0  startup.o(RESET)
    UART7_Handler                            0x00000283   Thumb Code     0  startup.o(RESET)
    USB0_Handler                             0x00000283   Thumb Code     0  startup.o(RESET)
    WDT_Handler                              0x00000283   Thumb Code     0  startup.o(RESET)
    WideTimer0A_Handler                      0x00000283   Thumb Code     0  startup.o(RESET)
    WideTimer0B_Handler                      0x00000283   Thumb Code     0  startup.o(RESET)
    WideTimer1A_Handler                      0x00000283   Thumb Code     0  startup.o(RESET)
    WideTimer1B_Handler                      0x00000283   Thumb Code     0  startup.o(RESET)
    WideTimer2A_Handler                      0x00000283   Thumb Code     0  startup.o(RESET)
    WideTimer2B_Handler                      0x00000283   Thumb Code     0  startup.o(RESET)
    WideTimer3A_Handler                      0x00000283   Thumb Code     0  startup.o(RESET)
    WideTimer3B_Handler                      0x00000283   Thumb Code     0  startup.o(RESET)
    WideTimer4A_Handler                      0x00000283   Thumb Code     0  startup.o(RESET)
    WideTimer4B_Handler                      0x00000283   Thumb Code     0  startup.o(RESET)
    WideTimer5A_Handler                      0x00000283   Thumb Code     0  startup.o(RESET)
    WideTimer5B_Handler                      0x00000283   Thumb Code     0  startup.o(RESET)
    uDMA_Error                               0x00000283   Thumb Code     0  startup.o(RESET)
    uDMA_Handler                             0x00000283   Thumb Code     0  startup.o(RESET)
    __main                                   0x00000285   Thumb Code     0  entry.o(.ARM.Collect$$$$00000000)
    _main_stk                                0x00000285   Thumb Code     0  entry2.o(.ARM.Collect$$$$00000001)
    _main_scatterload                        0x00000289   Thumb Code     0  entry5.o(.ARM.Collect$$$$00000004)
    __main_after_scatterload                 0x0000028d   Thumb Code     0  entry5.o(.ARM.Collect$$$$00000004)
    _main_clock                              0x0000028d   Thumb Code     0  entry7b.o(.ARM.Collect$$$$00000008)
    _main_cpp_init                           0x0000028d   Thumb Code     0  entry8b.o(.ARM.Collect$$$$0000000A)
    _main_init                               0x0000028d   Thumb Code     0  entry9a.o(.ARM.Collect$$$$0000000B)
    __rt_final_cpp                           0x00000295   Thumb Code     0  entry10a.o(.ARM.Collect$$$$0000000D)
    __rt_final_exit                          0x00000295   Thumb Code     0  entry11a.o(.ARM.Collect$$$$0000000F)
    DisableInterrupts                        0x00000299   Thumb Code     0  startup.o(.text)
    EnableInterrupts                         0x0000029d   Thumb Code     0  startup.o(.text)
    StartCritical                            0x000002a1   Thumb Code     0  startup.o(.text)
    EndCritical                              0x000002a9   Thumb Code     0  startup.o(.text)
    WaitForInterrupt                         0x000002af   Thumb Code     0  startup.o(.text)
    __scatterload                            0x000002b5   Thumb Code    28  init.o(.text)
    __scatterload_rt2                        0x000002b5   Thumb Code     0  init.o(.text)
    GPIOLimitArm                             0x000002d9   Thumb Code    52  limit_sensor.o(i.GPIOLimitArm)
    GPIOPortF_Handler                        0x00000319   Thumb Code    62  limit_sensor.o(i.GPIOPortF_Handler)
    MatrixFifo_Get                           0x00000365   Thumb Code    46  matrix.o(i.MatrixFifo_Get)
    MatrixFifo_Init                          0x000003a1   Thumb Code    26  matrix.o(i.MatrixFifo_Init)
    MatrixFifo_Put                           0x000003c5   Thumb Code    48  matrix.o(i.MatrixFifo_Put)
    MatrixKeypad_Init                        0x00000401   Thumb Code    84  matrix.o(i.MatrixKeypad_Init)
    MatrixKeypad_Scan                        0x00000469   Thumb Code    96  matrix.o(i.MatrixKeypad_Scan)
    Matrix_Handler                           0x000004d9   Thumb Code    56  matrix.o(i.Matrix_Handler)
    Matrix_InChar                            0x00000519   Thumb Code    20  matrix.o(i.Matrix_InChar)
    Matrix_Init                              0x0000052d   Thumb Code    28  matrix.o(i.Matrix_Init)
    PLL_Init                                 0x00000555   Thumb Code   118  pll.o(i.PLL_Init)
    Rx5Fifo_Put                              0x000005d1   Thumb Code   192  esp8266.o(i.Rx5Fifo_Put)
    Rx5Fifo_Size                             0x000006a1   Thumb Code    12  esp8266.o(i.Rx5Fifo_Size)
    RxFifo_Put                               0x000006b5   Thumb Code    48  uart.o(i.RxFifo_Put)
    RxFifo_Size                              0x000006f1   Thumb Code    12  uart.o(i.RxFifo_Size)
    SysTick_Wait                             0x00000705   Thumb Code    32  systick.o(i.SysTick_Wait)
    SysTick_Wait10ms                         0x00000725   Thumb Code    22  systick.o(i.SysTick_Wait10ms)
    Timer0A_Handler                          0x00000741   Thumb Code    16  timers.o(i.Timer0A_Handler)
    Timer1A_Handler                          0x00000759   Thumb Code    16  timers.o(i.Timer1A_Handler)
    Timer2A_Handler                          0x00000771   Thumb Code    16  timers.o(i.Timer2A_Handler)
    Timer3A_Handler                          0x00000789   Thumb Code    16  timers.o(i.Timer3A_Handler)
    Timer3A_Init                             0x000007a1   Thumb Code   106  timers.o(i.Timer3A_Init)
    Tx5Fifo_Get                              0x00000821   Thumb Code    44  esp8266.o(i.Tx5Fifo_Get)
    Tx5Fifo_Size                             0x00000859   Thumb Code    12  esp8266.o(i.Tx5Fifo_Size)
    TxFifo_Get                               0x0000086d   Thumb Code    46  uart.o(i.TxFifo_Get)
    TxFifo_Size                              0x000008a9   Thumb Code    12  uart.o(i.TxFifo_Size)
    UART0_Handler                            0x000008bd   Thumb Code    82  uart.o(i.UART0_Handler)
    UART5_Handler                            0x00000915   Thumb Code    82  esp8266.o(i.UART5_Handler)
    __scatterload_copy                       0x0000096d   Thumb Code    14  handlers.o(i.__scatterload_copy)
    __scatterload_null                       0x0000097b   Thumb Code     2  handlers.o(i.__scatterload_null)
    __scatterload_zeroinit                   0x0000097d   Thumb Code    14  handlers.o(i.__scatterload_zeroinit)
    main                                     0x00000a35   Thumb Code    38  main.o(i.main)
    ScanTab                                  0x00000a60   Data          40  matrix.o(.constdata)
    Region$$Table$$Base                      0x00000a88   Number         0  anon$$obj.o(Region$$Table)
    Region$$Table$$Limit                     0x00000aa8   Number         0  anon$$obj.o(Region$$Table)
    RxPutI                                   0x20000000   Data           4  uart.o(.data)
    RxGetI                                   0x20000004   Data           4  uart.o(.data)
    TxPutI                                   0x20000008   Data           4  uart.o(.data)
    TxGetI                                   0x2000000c   Data           4  uart.o(.data)
    ssid                                     0x20000010   Data          32  esp8266.o(.data)
    pass                                     0x20000030   Data          32  esp8266.o(.data)
    auth                                     0x20000050   Data          64  esp8266.o(.data)
    Rx5PutI                                  0x20000090   Data           4  esp8266.o(.data)
    Rx5PutJ                                  0x20000094   Data           4  esp8266.o(.data)
    Rx5GetI                                  0x20000098   Data           4  esp8266.o(.data)
    Tx5PutI                                  0x2000009c   Data           4  esp8266.o(.data)
    Tx5GetI                                  0x200000a0   Data           4  esp8266.o(.data)
    PeriodicTask0                            0x200000a4   Data           4  timers.o(.data)
    PeriodicTask1                            0x200000a8   Data           4  timers.o(.data)
    PeriodicTask2                            0x200000ac   Data           4  timers.o(.data)
    PeriodicTask3                            0x200000b0   Data           4  timers.o(.data)
    Door_Close                               0x200000b4   Data           4  limit_sensor.o(.data)
    Door_Open                                0x200000b8   Data           4  limit_sensor.o(.data)
    Counts                                   0x200000bc   Data           4  matrix.o(.data)
    MatrixPutI                               0x200000c0   Data           4  matrix.o(.data)
    MatrixGetI                               0x200000c4   Data           4  matrix.o(.data)
    HeartBeat                                0x200000c8   Data           4  matrix.o(.data)
    Rx5Fifo                                  0x20000150   Data         512  esp8266.o(.bss)
    RxMessage                                0x20000350   Data          64  esp8266.o(.bss)
    Buffer                                   0x20000490   Data          16  main.o(.bss)
    __initial_sp                             0x200008b0   Data           0  startup.o(STACK)



==============================================================================

Memory Map of the image

  Image Entry point : 0x0000026d

  Load Region LR_1 (Base: 0x00000000, Size: 0x00000b78, Max: 0xffffffff, ABSOLUTE)

    Execution Region ER_RO (Base: 0x00000000, Size: 0x00000aa8, Max: 0xffffffff, ABSOLUTE)

    Base Addr    Size         Type   Attr      Idx    E Section Name        Object

    0x00000000   0x00000284   Code   RO            3  * RESET               startup.o
    0x00000284   0x00000000   Code   RO         1071  * .ARM.Collect$$$$00000000  mc_w.l(entry.o)
    0x00000284   0x00000004   Code   RO         1084    .ARM.Collect$$$$00000001  mc_w.l(entry2.o)
    0x00000288   0x00000004   Code   RO         1087    .ARM.Collect$$$$00000004  mc_w.l(entry5.o)
    0x0000028c   0x00000000   Code   RO         1089    .ARM.Collect$$$$00000008  mc_w.l(entry7b.o)
    0x0000028c   0x00000000   Code   RO         1091    .ARM.Collect$$$$0000000A  mc_w.l(entry8b.o)
    0x0000028c   0x00000008   Code   RO         1092    .ARM.Collect$$$$0000000B  mc_w.l(entry9a.o)
    0x00000294   0x00000000   Code   RO         1094    .ARM.Collect$$$$0000000D  mc_w.l(entry10a.o)
    0x00000294   0x00000000   Code   RO         1096    .ARM.Collect$$$$0000000F  mc_w.l(entry11a.o)
    0x00000294   0x00000004   Code   RO         1085    .ARM.Collect$$$$00002712  mc_w.l(entry2.o)
    0x00000298   0x0000001c   Code   RO            4    .text               startup.o
    0x000002b4   0x00000024   Code   RO         1107    .text               mc_w.l(init.o)
    0x000002d8   0x00000040   Code   RO          967    i.GPIOLimitArm      limit_sensor.o
    0x00000318   0x0000004c   Code   RO          968    i.GPIOPortF_Handler  limit_sensor.o
    0x00000364   0x0000003c   Code   RO         1003    i.MatrixFifo_Get    matrix.o
    0x000003a0   0x00000024   Code   RO         1004    i.MatrixFifo_Init   matrix.o
    0x000003c4   0x0000003c   Code   RO         1005    i.MatrixFifo_Put    matrix.o
    0x00000400   0x00000068   Code   RO         1007    i.MatrixKeypad_Init  matrix.o
    0x00000468   0x00000070   Code   RO         1008    i.MatrixKeypad_Scan  matrix.o
    0x000004d8   0x00000040   Code   RO         1009    i.Matrix_Handler    matrix.o
    0x00000518   0x00000014   Code   RO         1010    i.Matrix_InChar     matrix.o
    0x0000052c   0x00000028   Code   RO         1011    i.Matrix_Init       matrix.o
    0x00000554   0x0000007c   Code   RO           12    i.PLL_Init          pll.o
    0x000005d0   0x000000d0   Code   RO          544    i.Rx5Fifo_Put       esp8266.o
    0x000006a0   0x00000014   Code   RO          545    i.Rx5Fifo_Size      esp8266.o
    0x000006b4   0x0000003c   Code   RO           36    i.RxFifo_Put        uart.o
    0x000006f0   0x00000014   Code   RO           37    i.RxFifo_Size       uart.o
    0x00000704   0x00000020   Code   RO          687    i.SysTick_Wait      systick.o
    0x00000724   0x0000001c   Code   RO          688    i.SysTick_Wait10ms  systick.o
    0x00000740   0x00000018   Code   RO          734    i.Timer0A_Handler   timers.o
    0x00000758   0x00000018   Code   RO          742    i.Timer1A_Handler   timers.o
    0x00000770   0x00000018   Code   RO          750    i.Timer2A_Handler   timers.o
    0x00000788   0x00000018   Code   RO          758    i.Timer3A_Handler   timers.o
    0x000007a0   0x00000080   Code   RO          759    i.Timer3A_Init      timers.o
    0x00000820   0x00000038   Code   RO          546    i.Tx5Fifo_Get       esp8266.o
    0x00000858   0x00000014   Code   RO          549    i.Tx5Fifo_Size      esp8266.o
    0x0000086c   0x0000003c   Code   RO           38    i.TxFifo_Get        uart.o
    0x000008a8   0x00000014   Code   RO           41    i.TxFifo_Size       uart.o
    0x000008bc   0x00000058   Code   RO           42    i.UART0_Handler     uart.o
    0x00000914   0x00000058   Code   RO          550    i.UART5_Handler     esp8266.o
    0x0000096c   0x0000000e   Code   RO         1143    i.__scatterload_copy  mc_w.l(handlers.o)
    0x0000097a   0x00000002   Code   RO         1144    i.__scatterload_null  mc_w.l(handlers.o)
    0x0000097c   0x0000000e   Code   RO         1145    i.__scatterload_zeroinit  mc_w.l(handlers.o)
    0x0000098a   0x00000002   PAD
    0x0000098c   0x00000028   Code   RO           53    i.copyHardwareToSoftware  uart.o
    0x000009b4   0x00000028   Code   RO          552    i.copyHardwareToSoftware5  esp8266.o
    0x000009dc   0x0000002c   Code   RO           54    i.copySoftwareToHardware  uart.o
    0x00000a08   0x0000002c   Code   RO          553    i.copySoftwareToHardware5  esp8266.o
    0x00000a34   0x0000002c   Code   RO          710    i.main              main.o
    0x00000a60   0x00000028   Data   RO         1013    .constdata          matrix.o
    0x00000a88   0x00000020   Data   RO         1141    Region$$Table       anon$$obj.o


    Execution Region ER_RW (Base: 0x20000000, Size: 0x000000d0, Max: 0xffffffff, ABSOLUTE)

    Base Addr    Size         Type   Attr      Idx    E Section Name        Object

    0x20000000   0x00000010   Data   RW           56    .data               uart.o
    0x20000010   0x00000094   Data   RW          555    .data               esp8266.o
    0x200000a4   0x00000010   Data   RW          761    .data               timers.o
    0x200000b4   0x00000008   Data   RW          971    .data               limit_sensor.o
    0x200000bc   0x00000011   Data   RW         1014    .data               matrix.o


    Execution Region ER_ZI (Base: 0x200000d0, Size: 0x000007e0, Max: 0xffffffff, ABSOLUTE)

    Base Addr    Size         Type   Attr      Idx    E Section Name        Object

    0x200000d0   0x00000080   Zero   RW           55    .bss                uart.o
    0x20000150   0x00000340   Zero   RW          554    .bss                esp8266.o
    0x20000490   0x00000010   Zero   RW          711    .bss                main.o
    0x200004a0   0x00000010   Zero   RW         1012    .bss                matrix.o
    0x200004b0   0x00000400   Zero   RW            1    STACK               startup.o


==============================================================================

Image component sizes


      Code (inc. data)   RO Data    RW Data    ZI Data      Debug   Object Name

         0          0          0          0          0        236   blynk.o
       476         60          0        148        832       4709   esp8266.o
       140         26          0          8          0       1370   limit_sensor.o
        44          6          0          0         16       1117   main.o
       496         92         40         17         16       4440   matrix.o
       124          6          0          0          0       4631   pll.o
       672        622          0          0       1024        900   startup.o
        60          6          0          0          0       1346   systick.o
       224         54          0         16          0       2785   timers.o
       332         58          0         16        128       4044   uart.o

    ----------------------------------------------------------------------
      2568        930         72        208       2016      25578   Object Totals
         0          0         32          0          0          0   (incl. Generated)
         0          0          0          3          0          0   (incl. Padding)

    ----------------------------------------------------------------------

      Code (inc. data)   RO Data    RW Data    ZI Data      Debug   Library Member Name

         0          0          0          0          0          0   entry.o
         0          0          0          0          0          0   entry10a.o
         0          0          0          0          0          0   entry11a.o
         8          4          0          0          0          0   entry2.o
         4          0          0          0          0          0   entry5.o
         0          0          0          0          0          0   entry7b.o
         0          0          0          0          0          0   entry8b.o
         8          4          0          0          0          0   entry9a.o
        30          0          0          0          0          0   handlers.o
        36          8          0          0          0         68   init.o

    ----------------------------------------------------------------------
        88         16          0          0          0         68   Library Totals
         2          0          0          0          0          0   (incl. Padding)

    ----------------------------------------------------------------------

      Code (inc. data)   RO Data    RW Data    ZI Data      Debug   Library Name

        86         16          0          0          0         68   mc_w.l

    ----------------------------------------------------------------------
        88         16          0          0          0         68   Library Totals

    ----------------------------------------------------------------------

==============================================================================


      Code (inc. data)   RO Data    RW Data    ZI Data      Debug   

      2656        946         72        208       2016      24034   Grand Totals
      2656        946         72        208       2016      24034   ELF Image Totals
      2656        946         72        208          0          0   ROM Totals

==============================================================================

    Total RO  Size (Code + RO Data)                 2728 (   2.66kB)
    Total RW  Size (RW Data + ZI Data)              2224 (   2.17kB)
    Total ROM Size (Code + RO Data + RW Data)       2936 (   2.87kB)

==============================================================================

