<html>
<body>
<pre>
<h1>µVision Build Log</h1>
<h2>Project:</h2>
C:\Users\Ankith\Documents\445L\lab11\Blynk.uvproj
Project File Date:  11/02/2018

<h2>Output:</h2>
Rebuild target 'Blynk'
assembling startup.s...
compiling PLL.c...
compiling UART.c...
compiling Blynk.c...
compiling ST7735.c...
compiling esp8266.c...
compiling DAC.c...
compiling SysTick.c...
compiling main.c...
compiling Timers.c...
compiling stepper.c...
compiling Ports.c...
linking...
Program Size: Code=7356 RO-data=2332 RW-data=276 ZI-data=2060  
".\Blynk.axf" - 0 Error(s), 0 Warning(s).
</pre>
</body>
</html>
